[
  {
    "rattler_translation_parameter": "0",
    "status": "passed",
    "steps": [
      {
        "prefix": "endpoint_root",
        "possible_region_choices": 8,
        "local_stop": false
      },
      {
        "prefix": "endpoint_b02",
        "possible_region_choices": 8,
        "local_stop": false
      },
      {
        "prefix": "endpoint_b02_c0",
        "possible_region_choices": 8,
        "local_stop": false
      },
      {
        "prefix": "endpoint_b02_c0_c0",
        "possible_region_choices": 8,
        "local_stop": false
      },
      {
        "prefix": "endpoint_b02_c0_c0_r1",
        "possible_region_choices": 8,
        "local_stop": false
      },
      {
        "prefix": "endpoint_b02_c0_c0_r1_r2",
        "possible_region_choices": 8,
        "local_stop": true
      }
    ],
    "stop_vertices": [
      9673,
      0,
      31774,
      21213,
      27310,
      13794
    ],
    "stop_local_column": 4
  },
  {
    "rattler_translation_parameter": "1/200",
    "status": "passed",
    "steps": [
      {
        "prefix": "endpoint_root",
        "possible_region_choices": 8,
        "local_stop": false
      },
      {
        "prefix": "endpoint_b02",
        "possible_region_choices": 8,
        "local_stop": false
      },
      {
        "prefix": "endpoint_b02_c0",
        "possible_region_choices": 8,
        "local_stop": false
      },
      {
        "prefix": "endpoint_b02_c0_c0",
        "possible_region_choices": 8,
        "local_stop": false
      },
      {
        "prefix": "endpoint_b02_c0_c0_r1",
        "possible_region_choices": 8,
        "local_stop": false
      },
      {
        "prefix": "endpoint_b02_c0_c0_r1_r2",
        "possible_region_choices": 8,
        "local_stop": true
      }
    ],
    "stop_vertices": [
      9673,
      480,
      31774,
      21213,
      27310,
      13794
    ],
    "stop_local_column": 4
  },
  {
    "rattler_translation_parameter": "1/100",
    "status": "passed",
    "steps": [
      {
        "prefix": "endpoint_root",
        "possible_region_choices": 8,
        "local_stop": false
      },
      {
        "prefix": "endpoint_b02",
        "possible_region_choices": 8,
        "local_stop": false
      },
      {
        "prefix": "endpoint_b02_c0",
        "possible_region_choices": 8,
        "local_stop": false
      },
      {
        "prefix": "endpoint_b02_c0_c0",
        "possible_region_choices": 8,
        "local_stop": false
      },
      {
        "prefix": "endpoint_b02_c0_c0_r1",
        "possible_region_choices": 8,
        "local_stop": false
      },
      {
        "prefix": "endpoint_b02_c0_c0_r1_r2",
        "possible_region_choices": 8,
        "local_stop": true
      }
    ],
    "stop_vertices": [
      9673,
      1960,
      31774,
      21213,
      27310,
      13794
    ],
    "stop_local_column": 4
  }
]
