PASS branch 0: 15 positive exact multipliers; rank 15; critical-kernel curvature (-9/4) + (45/52)*sqrt(13)
PASS branch 1: 15 positive exact multipliers; rank 15; critical-kernel curvature (-9/4) + (45/52)*sqrt(13)
PASS branch 2: 15 positive exact multipliers; rank 15; critical-kernel curvature (-9/4) + (45/52)*sqrt(13)
PASS branch 3: 15 positive exact multipliers; rank 15; critical-kernel curvature (-9/4) + (45/52)*sqrt(13)
PASS branch 4: 15 positive exact multipliers; rank 15; critical-kernel curvature (-9/4) + (45/52)*sqrt(13)
PASS branch 5: 15 positive exact multipliers; rank 15; critical-kernel curvature (-9/4) + (45/52)*sqrt(13)
PASS branch 6: 15 positive exact multipliers; rank 15; critical-kernel curvature (-9/4) + (45/52)*sqrt(13)
PASS branch 7: 15 positive exact multipliers; rank 15; critical-kernel curvature (-9/4) + (45/52)*sqrt(13)
Certified sup-norm neighborhood radius: 1/10000000000
EXACT DERIVATIVES CHECKED 0
EXACT DERIVATIVES CHECKED 1
EXACT DERIVATIVES CHECKED 2
EXACT DERIVATIVES CHECKED 3
EXACT DERIVATIVES CHECKED 4
EXACT DERIVATIVES CHECKED 5
EXACT DERIVATIVES CHECKED 6
EXACT DERIVATIVES CHECKED 7
{
  "claim": "UNRESTRICTED LOCAL optimality only; no global claim",
  "certified_radius_sup_norm": "1/300",
  "old_radius_sup_norm": "1/10000000000",
  "branches": [
    {
      "radius": "1/300",
      "T": "417339529580464523364093331/7782220156096217088000000",
      "beta": "1572864/198121",
      "C0": "780315514260529/24739011624960",
      "eta": "5055246229604772503634093331/44111859499338301440000000000",
      "Q_lower": "456229/524288",
      "maximum_consumed_multiplier_fraction": "4403541481098044731/4880472735744000000"
    },
    {
      "radius": "1/300",
      "T": "416952830303706021283581331/7782220156096217088000000",
      "beta": "1572864/198121",
      "C0": "780315514260529/24739011624960",
      "eta": "5054859530328014001553581331/44111859499338301440000000000",
      "Q_lower": "456229/524288",
      "maximum_consumed_multiplier_fraction": "1451898924163097489/1865278291968000000"
    },
    {
      "radius": "1/300",
      "T": "3798660802396165054095954881/70039981404865953792000000",
      "beta": "1572864/198121",
      "C0": "16065123178340801/494780232499200",
      "eta": "46766977436812945825529454881/397006735494044712960000000000",
      "Q_lower": "456229/524288",
      "maximum_consumed_multiplier_fraction": "499544294652450413/610059091968000000"
    },
    {
      "radius": "1/300",
      "T": "3795180508905338535371346881/70039981404865953792000000",
      "beta": "1572864/198121",
      "C0": "16065123178340801/494780232499200",
      "eta": "19590907894144163932469563/166320375154606080000000000",
      "Q_lower": "456229/524288",
      "maximum_consumed_multiplier_fraction": "412224179222483063/610059091968000000"
    },
    {
      "radius": "1/300",
      "T": "1785664562461258812417993553/35019990702432976896000000",
      "beta": "1048576/86035",
      "C0": "304233016735657/10307921510400",
      "eta": "14506562733559452309987993553/129301567558071091200000000000",
      "Q_lower": "456229/524288",
      "maximum_consumed_multiplier_fraction": "4375331233938652651/4880472735744000000"
    },
    {
      "radius": "1/300",
      "T": "1783924415715845553055689553/35019990702432976896000000",
      "beta": "1048576/86035",
      "C0": "304233016735657/10307921510400",
      "eta": "14504822586814039050625689553/129301567558071091200000000000",
      "Q_lower": "456229/524288",
      "maximum_consumed_multiplier_fraction": "360784759384304503/466319572992000000"
    },
    {
      "radius": "1/300",
      "T": "902829562207511697671010997/17509995351216488448000000",
      "beta": "1048576/86035",
      "C0": "5020665898813919/164926744166400",
      "eta": "7463115607012679925364448497/64650783779035545600000000000",
      "Q_lower": "456229/524288",
      "maximum_consumed_multiplier_fraction": "496018013757526403/610059091968000000"
    },
    {
      "radius": "1/300",
      "T": "901959488834805067989858997/17509995351216488448000000",
      "beta": "1048576/86035",
      "C0": "5020665898813919/164926744166400",
      "eta": "7462245533639973295683296497/64650783779035545600000000000",
      "Q_lower": "456229/524288",
      "maximum_consumed_multiplier_fraction": "408697898327559053/610059091968000000"
    }
  ],
  "excluded_separators_checked": 43,
  "analytic_bounds": "LOCAL_RADIUS.md",
  "arithmetic": "Q(sqrt(13)) derivative identities and rational inequalities",
  "uniform_strict_bounds": {
    "T_upper": "55",
    "eta_upper": "3/25",
    "Q_lower": "87/100",
    "consumed_multiplier_ratio_upper": "91/100",
    "excluded_separator_change_ratio_upper": "1/6"
  }
}
