+ g++ -O2 -std=c++17 verify_spatial_rationals.cpp -o _verify_spatial_rationals
+ g++ -O2 -std=c++17 verify_spatial_graph.cpp -o _verify_spatial_graph
+ /opt/pyvenv/bin/python rebuild_phase5_data.py endpoint_root
{"status": "data rebuilt; exact checks still required", "prefix": "endpoint_root", "regions": 34660, "used_bins": 64, "edges": 159935781, "seconds": 15.687867049000033}
+ /opt/pyvenv/bin/python phase5_verify_geometry.py endpoint_root
Independent full coverage checked endpoint_root 34660 regions 13.65
Independent rational inequalities checked endpoint_root 14.43
{"status": "verified geometry and graph", "prefix": "endpoint_root", "L": "29770817283/10000000000", "regions": 34660, "used_bins": 64, "rational": {"status": "verified", "regions": 34660, "coordinate_projection_bounds": 13309440, "separation_thresholds": 12288}, "graph": {"status": "verified", "vertices": 34660, "edges": 159935781, "excluded_pairs": 440704689}, "seconds": 26.88106944099991, "scope": "Parent restrictions and leaf conclusions require separate combinatorial verification."}
+ /opt/pyvenv/bin/python phase5_verify_node.py endpoint_root --children endpoint_b00,endpoint_b01,endpoint_b02,endpoint_b03,endpoint_b04,endpoint_b05,endpoint_b06,endpoint_b07,endpoint_b08,endpoint_b09,endpoint_b10,endpoint_b11,endpoint_b12,endpoint_b13,endpoint_b14,endpoint_b15,endpoint_b16,endpoint_b17,endpoint_b18,endpoint_b19,endpoint_b20,endpoint_b21,endpoint_b22,endpoint_b23,endpoint_b24,endpoint_b25,endpoint_b26,endpoint_b27,endpoint_b28,endpoint_b29,endpoint_b30,endpoint_b31
{"status": "verified node transfer and closures", "prefix": "endpoint_root", "L": "29770817283/10000000000", "cases_entering": 1396, "cases_closed": 1109, "cases_refined": 287, "fixed_vertex_refutations": 28518, "children": ["endpoint_b00", "endpoint_b01", "endpoint_b02", "endpoint_b03", "endpoint_b04", "endpoint_b05", "endpoint_b06", "endpoint_b07", "endpoint_b08", "endpoint_b09", "endpoint_b10", "endpoint_b11", "endpoint_b12", "endpoint_b13", "endpoint_b14", "endpoint_b15", "endpoint_b16", "endpoint_b17", "endpoint_b18", "endpoint_b19", "endpoint_b20", "endpoint_b21", "endpoint_b22", "endpoint_b23", "endpoint_b24", "endpoint_b25", "endpoint_b26", "endpoint_b27", "endpoint_b28", "endpoint_b29", "endpoint_b30", "endpoint_b31"], "stats": {"calls": 29627, "removed": 11961073, "local_prunes": 0}, "seconds": 52.810116417000245}
{
  "status": "Selected graph checked only; NOT the full optimality proof.",
  "graphs_checked": 1,
  "seconds": 100.76820115800001
}
+ g++ -O2 -std=c++17 verify_spatial_rationals.cpp -o _verify_spatial_rationals
+ g++ -O2 -std=c++17 verify_spatial_graph.cpp -o _verify_spatial_graph
+ /opt/pyvenv/bin/python rebuild_phase5_data.py endpoint_b02_c0_c0_r1_r2_r3_r4_r5_r6_r8
{"status": "data rebuilt; exact checks still required", "prefix": "endpoint_b02_c0_c0_r1_r2_r3_r4_r5_r6_r8", "regions": 28007, "used_bins": 576, "edges": 179125694, "seconds": 10.085027714000262}
+ /opt/pyvenv/bin/python phase5_verify_geometry.py endpoint_b02_c0_c0_r1_r2_r3_r4_r5_r6_r8
Independent full coverage checked endpoint_b02_c0_c0_r1_r2_r3_r4_r5_r6_r8 28007 regions 8.65
Independent rational inequalities checked endpoint_b02_c0_c0_r1_r2_r3_r4_r5_r6_r8 18.41
{"status": "verified geometry and graph", "prefix": "endpoint_b02_c0_c0_r1_r2_r3_r4_r5_r6_r8", "L": "29770817283/10000000000", "regions": 28007, "used_bins": 576, "rational": {"status": "verified", "regions": 28007, "coordinate_projection_bounds": 96792192, "separation_thresholds": 995328}, "graph": {"status": "verified", "vertices": 28007, "edges": 179125694, "excluded_pairs": 213056327}, "seconds": 22.669556097000168, "scope": "Parent restrictions and leaf conclusions require separate combinatorial verification."}
+ /opt/pyvenv/bin/python phase5_verify_node.py endpoint_b02_c0_c0_r1_r2_r3_r4_r5_r6_r8 --children 
{"status": "verified whole-region local labels", "positive_labels_by_theorem": [37854, 44197, 33607, 4825], "regions": 28007, "profiles": {"local_theorems": ["centroid_box_1/300", {"critical_angle": "1/60", "normal_radius": "1/300"}, {"critical_angle": "1/40", "normal_radius": "1/500"}, {"critical_angle": "1/25", "normal_radius": "1/2000"}], "columns": 24, "critical_coordinates": "vertex E translations; angle/sqrt(3)"}}
{"status": "verified node transfer and closures", "prefix": "endpoint_b02_c0_c0_r1_r2_r3_r4_r5_r6_r8", "L": "29770817283/10000000000", "cases_entering": 1, "cases_closed": 1, "cases_refined": 0, "fixed_vertex_refutations": 0, "children": [], "stats": {"calls": 7, "removed": 28855, "local_prunes": 0, "local_splits": 3}, "seconds": 40.66137102899984}
{
  "status": "Selected graph checked only; NOT the full optimality proof.",
  "graphs_checked": 1,
  "seconds": 79.10980750099998
}
SELECTED CLEAN RELEASE CONTROLS PASSED [{"prefix": "endpoint_root", "status": "clean runner rebuild and all selected graph checks passed", "graph_sha256": "a3118b4f2ca654c304e1ef09ac6f94f0542e42d45fc9009c0a395ad0f014c70b", "matches_working_graph": true, "regions": 34660, "cases_closed": 1109, "cases_refined": 287, "local_splits": 0}, {"prefix": "endpoint_b02_c0_c0_r1_r2_r3_r4_r5_r6_r8", "status": "clean runner rebuild and all selected graph checks passed", "graph_sha256": "c6d93893a0d45c29cb219e82002e19c4ca31496f40d54c6e4c012fa7929f8a71", "matches_working_graph": true, "regions": 28007, "cases_closed": 1, "cases_refined": 0, "local_splits": 3}]
