⚠ [3103/3275] Replayed Sixpack.LocalGeometry
warning: Sixpack/LocalGeometry.lean:126:39: Used `tac1 <;> tac2` where `(tac1; tac2)` would suffice

Note: This linter can be disabled with `set_option linter.unnecessarySeqFocus false`
warning: Sixpack/LocalGeometry.lean:144:32: This simp argument is unused:
  ite_mul

Hint: Omit it from the simp argument list.
  simp only [mul_ite, i̵t̵e̵_̵mul,̵ ̵m̵u̵l̵_zero, zero_mul, Finset.sum_sub_distrib,
  ̵  ̵ ̵ ̵Finset.sum_ite_eq',
  ̲  ̲ ̲ ̲Finset.mem_univ, if_true]

Note: This linter can be disabled with `set_option linter.unusedSimpArgs false`
warning: Sixpack/LocalGeometry.lean:144:51: This simp argument is unused:
  zero_mul

Hint: Omit it from the simp argument list.
  simp only [mul_ite, ite_mul, mul_zero, z̵e̵r̵o̵_̵m̵u̵l̵,̵ ̵Finset.sum_sub_distrib,
  ̵  ̵ ̵ ̵Finset.sum_ite_eq',
  ̲  ̲ ̲ ̲Finset.mem_univ, if_true]

Note: This linter can be disabled with `set_option linter.unusedSimpArgs false`
warning: Sixpack/LocalGeometry.lean:159:51: This simp argument is unused:
  Fin.reduceEq

Hint: Omit it from the simp argument list.
  simp only [boundaryProjection, pointValue, F̵i̵n̵.̵r̵e̵d̵u̵c̵e̵E̵q̵,̵ ̵if_true, if_false, Quadratic13.value_one,
  ̲  ̲ ̲ ̲ ̲ ̲ ̲ ̲ ̲ ̲Quadratic13.value_zero, add_zero, add_mul, sub_mul, neg_mul, ite_mul, one_mul, zero_mul,
  ̲  ̲ ̲ ̲ ̲ ̲ ̲ ̲ ̲ ̲Finset.sum_add_distrib, Finset.sum_sub_distrib, Finset.sum_neg_distrib,
  ̲  ̲ ̲ ̲ ̲ ̲ ̲ ̲ ̲ ̲Finset.sum_ite_eq', Finset.mem_univ, if_true, Finset.sum_const_zero, add_zero]

Note: This linter can be disabled with `set_option linter.unusedSimpArgs false`
warning: Sixpack/LocalGeometry.lean:159:65: This simp argument is unused:
  if_true

Hint: Omit it from the simp argument list.
  simp only [boundaryProjection, pointValue, Fin.reduceEq, i̵f̵_̵t̵r̵u̵e̵,̵ ̵if_false, Quadratic13.value_one,
  ̲  ̲ ̲ ̲ ̲ ̲ ̲ ̲ ̲ ̲Quadratic13.value_zero, add_zero, add_mul, sub_mul, neg_mul, ite_mul, one_mul, zero_mul,
  ̲  ̲ ̲ ̲ ̲ ̲ ̲ ̲ ̲ ̲Finset.sum_add_distrib, Finset.sum_sub_distrib, Finset.sum_neg_distrib,
  ̲  ̲ ̲ ̲ ̲ ̲ ̲ ̲ ̲ ̲Finset.sum_ite_eq', Finset.mem_univ, if_true, Finset.sum_const_zero, add_zero]

Note: This linter can be disabled with `set_option linter.unusedSimpArgs false`
warning: Sixpack/LocalGeometry.lean:159:74: This simp argument is unused:
  if_false

Hint: Omit it from the simp argument list.
  simp only [boundaryProjection, pointValue, Fin.reduceEq, if_true, i̵f̵_̵f̵a̵l̵s̵e̵,̵Quadratic13.value_one,
            Quadratic13.value_zero, add_zero, add_mul, sub_mul, neg_mul, ite_mul, one_mul, zero_mul,
  ̲  ̲ ̲ ̲ ̲ ̲ ̲ ̲ ̲ ̲Finset.sum_add_distrib, Finset.sum_sub_distrib, Finset.sum_neg_distrib,
  ̲  ̲ ̲ ̲ ̲ ̲ ̲ ̲ ̲ ̲Finset.sum_ite_eq', Finset.mem_univ, if_true, Finset.sum_const_zero, add_zero]

Note: This linter can be disabled with `set_option linter.unusedSimpArgs false`
warning: Sixpack/LocalGeometry.lean:160:57: This simp argument is unused:
  add_zero

Hint: Omit it from the simp argument list.
  simp only [boundaryProjection, pointValue, Fin.reduceEq, if_true, if_false,
            Quadratic13.value_one, Quadratic13.value_zero, add_z̵e̵r̵o̵,̵ ̵a̵d̵d̵_̵mul, sub_mul,
  ̵  ̵ ̵ ̵ ̵ ̵ ̵ ̵ ̵ ̵neg_mul, ite_mul,
  ̲  ̲ ̲ ̲ ̲ ̲ ̲ ̲ ̲ ̲one_mul, zero_mul, Finset.sum_add_distrib,
  ̵  ̵ ̵ ̵ ̵ ̵ ̵ ̵ ̵ ̵Finset.sum_sub_distrib, Finset.sum_neg_distrib,
  ̲  ̲ ̲ ̲ ̲ ̲ ̲ ̲ ̲ ̲Finset.sum_ite_eq',
  ̵  ̵ ̵ ̵ ̵ ̵ ̵ ̵ ̵ ̵Finset.mem_univ, if_true, Finset.sum_const_zero, add_zero]

Note: This linter can be disabled with `set_option linter.unusedSimpArgs false`
warning: Sixpack/LocalGeometry.lean:162:10: This simp argument is unused:
  Finset.sum_sub_distrib

Hint: Omit it from the simp argument list.
  simp only [boundaryProjection, pointValue, Fin.reduceEq, if_true, if_false,
            Quadratic13.value_one, Quadratic13.value_zero, add_zero, add_mul, sub_mul, neg_mul,
  ̲  ̲ ̲ ̲ ̲ ̲ ̲ ̲ ̲ ̲ite_mul, one_mul, zero_mul, Finset.sum_add_distrib, F̵i̵n̵s̵e̵t̵.̵s̵u̵m̵_̵s̵u̵b̵_̵d̵i̵s̵t̵r̵i̵b̵,̵ ̵Finset.sum_neg_distrib,
  ̲  ̲ ̲ ̲ ̲ ̲ ̲ ̲ ̲ ̲Finset.sum_ite_eq', Finset.mem_univ, if_true, Finset.sum_const_zero, add_zero]

Note: This linter can be disabled with `set_option linter.unusedSimpArgs false`
warning: Sixpack/LocalGeometry.lean:162:34: This simp argument is unused:
  Finset.sum_neg_distrib

Hint: Omit it from the simp argument list.
  simp only [boundaryProjection, pointValue, Fin.reduceEq, if_true, if_false,
            Quadratic13.value_one, Quadratic13.value_zero, add_zero, add_mul, sub_mul, neg_mul,
  ̲  ̲ ̲ ̲ ̲ ̲ ̲ ̲ ̲ ̲ite_mul, one_mul, zero_mul, Finset.sum_add_distrib, Finset.sum_sub_distrib,
  ̲  ̲ ̲ ̲ ̲ ̲ ̲ ̲ ̲ ̲F̵i̵n̵s̵e̵t̵.̵s̵u̵m̵_̵n̵e̵g̵_̵d̵i̵s̵t̵r̵i̵b̵,̵ ̵Finset.sum_ite_eq', Finset.mem_univ, if_true, Finset.sum_const_zero, add_zero]

Note: This linter can be disabled with `set_option linter.unusedSimpArgs false`
warning: Sixpack/LocalGeometry.lean:162:58: This simp argument is unused:
  Finset.sum_ite_eq'

Hint: Omit it from the simp argument list.
  simp only [boundaryProjection, pointValue, Fin.reduceEq, if_true, if_false,
            Quadratic13.value_one, Quadratic13.value_zero, add_zero, add_mul, sub_mul, neg_mul,
  ̲  ̲ ̲ ̲ ̲ ̲ ̲ ̲ ̲ ̲ite_mul, one_mul, zero_mul, Finset.sum_add_distrib, Finset.sum_sub_distrib,
  ̲  ̲ ̲ ̲ ̲ ̲ ̲ ̲ ̲ ̲Finset.sum_neg_distrib, F̵i̵n̵s̵e̵t̵.̵s̵u̵m̵_̵i̵t̵e̵_̵e̵q̵'̵,̵Finset.mem_univ, if_true, Finset.sum_const_zero, add_zero]

Note: This linter can be disabled with `set_option linter.unusedSimpArgs false`
warning: Sixpack/LocalGeometry.lean:163:10: This simp argument is unused:
  Finset.mem_univ

Hint: Omit it from the simp argument list.
  simp only [boundaryProjection, pointValue, Fin.reduceEq, if_true, if_false,
            Quadratic13.value_one, Quadratic13.value_zero, add_zero, add_mul, sub_mul,
  ̵  ̵ ̵ ̵ ̵ ̵ ̵ ̵ ̵ ̵neg_mul,
  ̲  ̲ ̲ ̲ ̲ ̲ ̲ ̲ ̲ ̲ite_mul, one_mul, zero_mul, Finset.sum_add_distrib,
  ̵  ̵ ̵ ̵ ̵ ̵ ̵ ̵ ̵ ̵Finset.sum_sub_distrib,
  ̲  ̲ ̲ ̲ ̲ ̲ ̲ ̲ ̲ ̲Finset.sum_neg_distrib, Finset.sum_ite_eq',
  ̵  ̵ ̵ ̵ ̵ ̵ ̵ ̵ ̵ ̵F̵in̵s̵e̵t̵.̵m̵e̵m̵_̵u̵n̵i̵v̵,̵ ̵i̵f_true, Finset.sum_const_zero, add_zero]

Note: This linter can be disabled with `set_option linter.unusedSimpArgs false`
warning: Sixpack/LocalGeometry.lean:163:27: This simp argument is unused:
  if_true

Hint: Omit it from the simp argument list.
  simp only [boundaryProjection, pointValue, Fin.reduceEq, if_true, if_false,
            Quadratic13.value_one, Quadratic13.value_zero, add_zero, add_mul, sub_mul,
  ̵  ̵ ̵ ̵ ̵ ̵ ̵ ̵ ̵ ̵neg_mul,
  ̲  ̲ ̲ ̲ ̲ ̲ ̲ ̲ ̲ ̲ite_mul, one_mul, zero_mul, Finset.sum_add_distrib,
  ̵  ̵ ̵ ̵ ̵ ̵ ̵ ̵ ̵ ̵Finset.sum_sub_distrib,
  ̲  ̲ ̲ ̲ ̲ ̲ ̲ ̲ ̲ ̲Finset.sum_neg_distrib, Finset.sum_ite_eq',
  ̵  ̵ ̵ ̵ ̵ ̵ ̵ ̵ ̵ ̵Finset.mem_univ, i̵f̵_̵t̵r̵u̵e̵,̵ ̵Finset.sum_const_zero,
  ̲  ̲ ̲ ̲ ̲ ̲ ̲ ̲ ̲ ̲add_zero]

Note: This linter can be disabled with `set_option linter.unusedSimpArgs false`
warning: Sixpack/LocalGeometry.lean:163:36: This simp argument is unused:
  Finset.sum_const_zero

Hint: Omit it from the simp argument list.
  simp only [boundaryProjection, pointValue, Fin.reduceEq, if_true, if_false,
            Quadratic13.value_one, Quadratic13.value_zero, add_zero, add_mul, sub_mul, neg_mul,
  ̲  ̲ ̲ ̲ ̲ ̲ ̲ ̲ ̲ ̲ite_mul, one_mul, zero_mul, Finset.sum_add_distrib, Finset.sum_sub_distrib,
  ̲  ̲ ̲ ̲ ̲ ̲ ̲ ̲ ̲ ̲Finset.sum_neg_distrib, Finset.sum_ite_eq', Finset.mem_univ, if_true, F̵i̵n̵s̵e̵t̵.̵s̵u̵m̵_̵c̵o̵n̵s̵t̵_̵z̵e̵r̵o̵,̵ ̵add_zero]

Note: This linter can be disabled with `set_option linter.unusedSimpArgs false`
warning: Sixpack/LocalGeometry.lean:163:59: This simp argument is unused:
  add_zero

Hint: Omit it from the simp argument list.
  simp only [boundaryProjection, pointValue, Fin.reduceEq, if_true, if_false,
            Quadratic13.value_one, Quadratic13.value_zero, add_zero, add_mul, sub_mul,
  ̵  ̵ ̵ ̵ ̵ ̵ ̵ ̵ ̵ ̵neg_mul,
  ̲  ̲ ̲ ̲ ̲ ̲ ̲ ̲ ̲ ̲ite_mul, one_mul, zero_mul, Finset.sum_add_distrib,
  ̵  ̵ ̵ ̵ ̵ ̵ ̵ ̵ ̵ ̵Finset.sum_sub_distrib,
  ̲  ̲ ̲ ̲ ̲ ̲ ̲ ̲ ̲ ̲Finset.sum_neg_distrib, Finset.sum_ite_eq',
  ̵  ̵ ̵ ̵ ̵ ̵ ̵ ̵ ̵ ̵Finset.mem_univ, if_true,
  ̲  ̲ ̲ ̲ ̲ ̲ ̲ ̲ ̲ ̲Finset.sum_const_zero,̵ ̵a̵d̵d̵_̵z̵e̵r̵o̵]

Note: This linter can be disabled with `set_option linter.unusedSimpArgs false`
warning: Sixpack/LocalGeometry.lean:167:16: This simp argument is unused:
  add_mul

Hint: Omit it from the simp argument list.
  simp [show (̵0̵:̵F̵i̵n̵(̲0̲ ̲:̲ ̲F̲i̲n̲ 3) ≠ 2 by decide, show (̵1̵:̵F̵i̵n̵(̲1̲ ̲:̲ ̲F̲i̲n̲ 3) ≠ 0 by decide,
  ̲  ̲ ̲ ̲ ̲ ̲ ̲ ̲show (̵1̵:̵F̵i̵n̵(̲1̲ ̲:̲ ̲F̲i̲n̲ 3) ≠ 2 by decide, show (̵2̵:̵F̵i̵n̵(̲2̲ ̲:̲ ̲F̲i̲n̲ 3) ≠ 0 by decide,
  ̲  ̲ ̲ ̲ ̲ ̲ ̲ ̲show (̵2̵:̵F̵i̵n̵(̲2̲ ̲:̲ ̲F̲i̲n̲ 3) ≠ 1 by decide, h0, h1, a̵d̵d̵_̵m̵u̵l̵,̵ ̵neg_mul, Finset.sum_add_distrib,
  ̲  ̲ ̲ ̲ ̲ ̲ ̲ ̲Finset.sum_neg_distrib]

Note: This linter can be disabled with `set_option linter.unusedSimpArgs false`
warning: Sixpack/LocalGeometry.lean:167:25: This simp argument is unused:
  neg_mul

Hint: Omit it from the simp argument list.
  simp [show (̵0̵:̵F̵i̵n̵(̲0̲ ̲:̲ ̲F̲i̲n̲ 3) ≠ 2 by decide, show (̵1̵:̵F̵i̵n̵(̲1̲ ̲:̲ ̲F̲i̲n̲ 3) ≠ 0 by decide,
  ̲  ̲ ̲ ̲ ̲ ̲ ̲ ̲show (̵1̵:̵F̵i̵n̵(̲1̲ ̲:̲ ̲F̲i̲n̲ 3) ≠ 2 by decide, show (̵2̵:̵F̵i̵n̵(̲2̲ ̲:̲ ̲F̲i̲n̲ 3) ≠ 0 by decide,
  ̲  ̲ ̲ ̲ ̲ ̲ ̲ ̲show (̵2̵:̵F̵i̵n̵(̲2̲ ̲:̲ ̲F̲i̲n̲ 3) ≠ 1 by decide, h0, h1, add_mul, n̵e̵g̵_̵m̵u̵l̵,̵Finset.sum_add_distrib,
          Finset.sum_neg_distrib]

Note: This linter can be disabled with `set_option linter.unusedSimpArgs false`
warning: Sixpack/LocalGeometry.lean:168:8: This simp argument is unused:
  Finset.sum_add_distrib

Hint: Omit it from the simp argument list.
  simp [show (̵0̵:̵F̵i̵n̵(̲0̲ ̲:̲ ̲F̲i̲n̲ 3) ≠ 2 by decide, show (̵1̵:̵F̵i̵n̵(̲1̲ ̲:̲ ̲F̲i̲n̲ 3) ≠ 0 by decide,
  ̲  ̲ ̲ ̲ ̲ ̲ ̲ ̲show (̵1̵:̵F̵i̵n̵(̲1̲ ̲:̲ ̲F̲i̲n̲ 3) ≠ 2 by decide, show (̵2̵:̵F̵i̵n̵(̲2̲ ̲:̲ ̲F̲i̲n̲ 3) ≠ 0 by decide,
  ̲  ̲ ̲ ̲ ̲ ̲ ̲ ̲show (̵2̵:̵F̵i̵n̵(̲2̲ ̲:̲ ̲F̲i̲n̲ 3) ≠ 1 by decide, h0, h1, add_mul, neg_mul, F̵i̵n̵s̵e̵t̵.̵s̵u̵m̵_̵a̵d̵d̵_̵d̵i̵s̵t̵r̵i̵b̵,̵ ̵Finset.sum_neg_distrib]

Note: This linter can be disabled with `set_option linter.unusedSimpArgs false`
⚠ [3114/3275] Replayed Sixpack.LocalDerivatives
info: Sixpack/LocalDerivatives.lean:59:66: Try this:
  ring_nf
  
  The `ring` tactic failed to close the goal. Use `ring_nf` to obtain a normal form.
    
  Note that `ring` works primarily in *commutative* rings. If you have a noncommutative ring, abelian group or module, consider using `noncomm_ring`, `abel` or `module` instead.
warning: Sixpack/LocalDerivatives.lean:59:10: This simp argument is unused:
  localVertexPath

Hint: Omit it from the simp argument list.
  simp [̵l̵o̵c̵a̵l̵V̵e̵r̵t̵e̵x̵P̵a̵t̵h̵,̵ ̵r̵o̵t̵a̵t̵e̵,̵[̲r̲o̲t̲a̲t̲e̲,̲ vertexVelocity, a, offset]

Note: This linter can be disabled with `set_option linter.unusedSimpArgs false`
warning: Sixpack/LocalDerivatives.lean:59:27: This simp argument is unused:
  rotate

Hint: Omit it from the simp argument list.
  simp [localVertexPath, r̵o̵t̵a̵t̵e̵,̵ ̵vertexVelocity, a, offset]

Note: This linter can be disabled with `set_option linter.unusedSimpArgs false`
warning: Sixpack/LocalDerivatives.lean:52:55: Used `tac1 <;> tac2` where `(tac1; tac2)` would suffice

Note: This linter can be disabled with `set_option linter.unnecessarySeqFocus false`
warning: Sixpack/LocalDerivatives.lean:58:42: Used `tac1 <;> tac2` where `(tac1; tac2)` would suffice

Note: This linter can be disabled with `set_option linter.unnecessarySeqFocus false`
warning: Sixpack/LocalDerivatives.lean:59:62: Used `tac1 <;> tac2` where `(tac1; tac2)` would suffice

Note: This linter can be disabled with `set_option linter.unnecessarySeqFocus false`
warning: Sixpack/LocalDerivatives.lean:79:72: Used `tac1 <;> tac2` where `(tac1; tac2)` would suffice

Note: This linter can be disabled with `set_option linter.unnecessarySeqFocus false`
warning: Sixpack/LocalDerivatives.lean:117:24: Used `tac1 <;> tac2` where `(tac1; tac2)` would suffice

Note: This linter can be disabled with `set_option linter.unnecessarySeqFocus false`
warning: Sixpack/LocalDerivatives.lean:117:90: Used `tac1 <;> tac2` where `(tac1; tac2)` would suffice

Note: This linter can be disabled with `set_option linter.unnecessarySeqFocus false`
⚠ [3119/3275] Replayed Sixpack.LocalSecondDerivatives
warning: Sixpack/LocalSecondDerivatives.lean:46:42: Used `tac1 <;> tac2` where `(tac1; tac2)` would suffice

Note: This linter can be disabled with `set_option linter.unnecessarySeqFocus false`
warning: Sixpack/LocalSecondDerivatives.lean:67:55: Used `tac1 <;> tac2` where `(tac1; tac2)` would suffice

Note: This linter can be disabled with `set_option linter.unnecessarySeqFocus false`
warning: Sixpack/LocalSecondDerivatives.lean:73:42: Used `tac1 <;> tac2` where `(tac1; tac2)` would suffice

Note: This linter can be disabled with `set_option linter.unnecessarySeqFocus false`
warning: Sixpack/LocalSecondDerivatives.lean:119:20: Used `tac1 <;> tac2` where `(tac1; tac2)` would suffice

Note: This linter can be disabled with `set_option linter.unnecessarySeqFocus false`
warning: Sixpack/LocalSecondDerivatives.lean:119:37: Used `tac1 <;> tac2` where `(tac1; tac2)` would suffice

Note: This linter can be disabled with `set_option linter.unnecessarySeqFocus false`
warning: Sixpack/LocalSecondDerivatives.lean:146:51: Used `tac1 <;> tac2` where `(tac1; tac2)` would suffice

Note: This linter can be disabled with `set_option linter.unnecessarySeqFocus false`
warning: Sixpack/LocalSecondDerivatives.lean:147:43: Used `tac1 <;> tac2` where `(tac1; tac2)` would suffice

Note: This linter can be disabled with `set_option linter.unnecessarySeqFocus false`
warning: Sixpack/LocalSecondDerivatives.lean:173:82: Used `tac1 <;> tac2` where `(tac1; tac2)` would suffice

Note: This linter can be disabled with `set_option linter.unnecessarySeqFocus false`
warning: Sixpack/LocalSecondDerivatives.lean:174:90: Used `tac1 <;> tac2` where `(tac1; tac2)` would suffice

Note: This linter can be disabled with `set_option linter.unnecessarySeqFocus false`
⚠ [3120/3275] Replayed Sixpack.LocalCurvature
warning: Sixpack/LocalCurvature.lean:29:36: Used `tac1 <;> tac2` where `(tac1; tac2)` would suffice

Note: This linter can be disabled with `set_option linter.unnecessarySeqFocus false`
warning: Sixpack/LocalCurvature.lean:61:84: Used `tac1 <;> tac2` where `(tac1; tac2)` would suffice

Note: This linter can be disabled with `set_option linter.unnecessarySeqFocus false`
⚠ [3131/3275] Replayed Sixpack.RotationCalculus
warning: Sixpack/RotationCalculus.lean:41:42: Used `tac1 <;> tac2` where `(tac1; tac2)` would suffice

Note: This linter can be disabled with `set_option linter.unnecessarySeqFocus false`
warning: Sixpack/RotationCalculus.lean:50:20: Used `tac1 <;> tac2` where `(tac1; tac2)` would suffice

Note: This linter can be disabled with `set_option linter.unnecessarySeqFocus false`
warning: Sixpack/RotationCalculus.lean:58:20: Used `tac1 <;> tac2` where `(tac1; tac2)` would suffice

Note: This linter can be disabled with `set_option linter.unnecessarySeqFocus false`
⚠ [3132/3275] Replayed Sixpack.BoundaryThird
warning: Sixpack/BoundaryThird.lean:22:45: Used `tac1 <;> tac2` where `(tac1; tac2)` would suffice

Note: This linter can be disabled with `set_option linter.unnecessarySeqFocus false`
⚠ [3134/3275] Replayed Sixpack.PairDerivatives
warning: Sixpack/PairDerivatives.lean:28:20: Used `tac1 <;> tac2` where `(tac1; tac2)` would suffice

Note: This linter can be disabled with `set_option linter.unnecessarySeqFocus false`
warning: Sixpack/PairDerivatives.lean:38:20: Used `tac1 <;> tac2` where `(tac1; tac2)` would suffice

Note: This linter can be disabled with `set_option linter.unnecessarySeqFocus false`
warning: Sixpack/PairDerivatives.lean:48:20: Used `tac1 <;> tac2` where `(tac1; tac2)` would suffice

Note: This linter can be disabled with `set_option linter.unnecessarySeqFocus false`
⚠ [3135/3275] Replayed Sixpack.PairThirdBound
warning: Sixpack/PairThirdBound.lean:8:60: unused variable `hδ`

Note: This linter can be disabled with `set_option linter.unusedVariables false`
warning: Sixpack/PairThirdBound.lean:44:11: `mul_le_mul_left` has been deprecated: Use `mul_le_mul_iff_right₀` instead
warning: Sixpack/PairThirdBound.lean:52:11: `mul_le_mul_left` has been deprecated: Use `mul_le_mul_iff_right₀` instead
warning: Sixpack/PairThirdBound.lean:61:11: `mul_le_mul_left` has been deprecated: Use `mul_le_mul_iff_right₀` instead
⚠ [3153/3275] Replayed Sixpack.LocalSeparatorCertificate
info: Sixpack/LocalSeparatorCertificate.lean:57:112: Try this:
  ring_nf
  
  The `ring` tactic failed to close the goal. Use `ring_nf` to obtain a normal form.
    
  Note that `ring` works primarily in *commutative* rings. If you have a noncommutative ring, abelian group or module, consider using `noncomm_ring`, `abel` or `module` instead.
warning: Sixpack/LocalSeparatorCertificate.lean:57:108: Used `tac1 <;> tac2` where `(tac1; tac2)` would suffice

Note: This linter can be disabled with `set_option linter.unnecessarySeqFocus false`
⚠ [3177/3275] Replayed Sixpack.TriangleHalfplanes
warning: Sixpack/TriangleHalfplanes.lean:17:2: Try this: intro p hp q hq a b ha hb hab e
⚠ [3198/3275] Replayed Sixpack.TubeThirdBounds
warning: Sixpack/TubeThirdBounds.lean:40:11: `mul_le_mul_left` has been deprecated: Use `mul_le_mul_iff_right₀` instead
warning: Sixpack/TubeThirdBounds.lean:46:11: `mul_le_mul_left` has been deprecated: Use `mul_le_mul_iff_right₀` instead
warning: Sixpack/TubeThirdBounds.lean:72:11: `mul_le_mul_left` has been deprecated: Use `mul_le_mul_iff_right₀` instead
warning: Sixpack/TubeThirdBounds.lean:110:9: `mul_le_mul_left` has been deprecated: Use `mul_le_mul_iff_right₀` instead
warning: Sixpack/TubeThirdBounds.lean:138:11: `mul_le_mul_left` has been deprecated: Use `mul_le_mul_iff_right₀` instead
⚠ [3199/3275] Replayed Sixpack.TubeNormalModel
warning: Sixpack/TubeNormalModel.lean:32:76: this tactic is never executed

Note: This linter can be disabled with `set_option linter.unreachableTactic false`
warning: Sixpack/TubeNormalModel.lean:34:76: this tactic is never executed

Note: This linter can be disabled with `set_option linter.unreachableTactic false`
warning: Sixpack/TubeNormalModel.lean:32:76: 'ring' tactic does nothing

Note: This linter can be disabled with `set_option linter.unusedTactic false`
warning: Sixpack/TubeNormalModel.lean:34:76: 'ring' tactic does nothing

Note: This linter can be disabled with `set_option linter.unusedTactic false`
warning: Sixpack/TubeNormalModel.lean:82:57: this tactic is never executed

Note: This linter can be disabled with `set_option linter.unreachableTactic false`
warning: Sixpack/TubeNormalModel.lean:82:57: 'ring' tactic does nothing

Note: This linter can be disabled with `set_option linter.unusedTactic false`
⚠ [3200/3275] Replayed Sixpack.TubeThirdGeometry
warning: Sixpack/TubeThirdGeometry.lean:100:4: try 'simp' instead of 'simpa'

Note: This linter can be disabled with `set_option linter.unnecessarySimpa false`
warning: Sixpack/TubeThirdGeometry.lean:97:41: Used `tac1 <;> tac2` where `(tac1; tac2)` would suffice

Note: This linter can be disabled with `set_option linter.unnecessarySeqFocus false`
⚠ [3201/3275] Replayed Sixpack.TubeTaylor
warning: Sixpack/TubeTaylor.lean:59:20: Used `tac1 <;> tac2` where `(tac1; tac2)` would suffice

Note: This linter can be disabled with `set_option linter.unnecessarySeqFocus false`
⚠ [3202/3275] Replayed Sixpack.TubeAngleInterpolation
warning: Sixpack/TubeAngleInterpolation.lean:30:25: this tactic is never executed

Note: This linter can be disabled with `set_option linter.unreachableTactic false`
warning: Sixpack/TubeAngleInterpolation.lean:30:25: 'ring' tactic does nothing

Note: This linter can be disabled with `set_option linter.unusedTactic false`
info: Sixpack/TubeAngleInterpolation.lean:53:31: Try this:
  ring_nf
  
  The `ring` tactic failed to close the goal. Use `ring_nf` to obtain a normal form.
    
  Note that `ring` works primarily in *commutative* rings. If you have a noncommutative ring, abelian group or module, consider using `noncomm_ring`, `abel` or `module` instead.
info: Sixpack/TubeAngleInterpolation.lean:53:31: Try this:
  ring_nf
  
  The `ring` tactic failed to close the goal. Use `ring_nf` to obtain a normal form.
    
  Note that `ring` works primarily in *commutative* rings. If you have a noncommutative ring, abelian group or module, consider using `noncomm_ring`, `abel` or `module` instead.
info: Sixpack/TubeAngleInterpolation.lean:53:31: Try this:
  ring_nf
  
  The `ring` tactic failed to close the goal. Use `ring_nf` to obtain a normal form.
    
  Note that `ring` works primarily in *commutative* rings. If you have a noncommutative ring, abelian group or module, consider using `noncomm_ring`, `abel` or `module` instead.
warning: Sixpack/TubeAngleInterpolation.lean:61:57: This simp argument is unused:
  Fin.reduceEq

Hint: Omit it from the simp argument list.
  simp only [̵t̵u̵b̵e̵C̵o̵n̵s̵t̵r̵a̵i̵n̵t̵C̵S̵P̵a̵t̵h̵,̵t̵u̵b̵e̵V̵e̵r̵t̵e̵x̵C̵S̵P̵a̵t̵h̵,̵F̵i̵n̵.̵r̵e̵d̵u̵c̵e̵E̵q̵,̵i̵f̵_̵t̵r̵u̵e̵]̵[̲t̲u̲b̲e̲C̲o̲n̲s̲t̲r̲a̲i̲n̲t̲C̲S̲P̲a̲t̲h̲,̲ ̲t̲u̲b̲e̲V̲e̲r̲t̲e̲x̲C̲S̲P̲a̲t̲h̲,̲ ̲i̲f̲_̲t̲r̲u̲e̲]̲

Note: This linter can be disabled with `set_option linter.unusedSimpArgs false`
warning: Sixpack/TubeAngleInterpolation.lean:68:57: This simp argument is unused:
  Fin.reduceEq

Hint: Omit it from the simp argument list.
  simp only [̵t̵u̵b̵e̵C̵o̵n̵s̵t̵r̵a̵i̵n̵t̵C̵S̵P̵a̵t̵h̵,̵t̵u̵b̵e̵V̵e̵r̵t̵e̵x̵C̵S̵P̵a̵t̵h̵,̵F̵i̵n̵.̵r̵e̵d̵u̵c̵e̵E̵q̵,̵h̵j̵,̵i̵f̵_̵t̵r̵u̵e̵,̵i̵f̵_̵f̵a̵l̵s̵e̵]̵[̲t̲u̲b̲e̲C̲o̲n̲s̲t̲r̲a̲i̲n̲t̲C̲S̲P̲a̲t̲h̲,̲ ̲t̲u̲b̲e̲V̲e̲r̲t̲e̲x̲C̲S̲P̲a̲t̲h̲,̲ ̲h̲j̲,̲ ̲i̲f̲_̲t̲r̲u̲e̲,̲ ̲i̲f̲_̲f̲a̲l̲s̲e̲]̲

Note: This linter can be disabled with `set_option linter.unusedSimpArgs false`
⚠ [3207/3275] Replayed Sixpack.EquilateralGeometry
warning: Sixpack/EquilateralGeometry.lean:43:31: this tactic is never executed

Note: This linter can be disabled with `set_option linter.unreachableTactic false`
warning: Sixpack/EquilateralGeometry.lean:43:31: 'ring' tactic does nothing

Note: This linter can be disabled with `set_option linter.unusedTactic false`
⚠ [3212/3275] Replayed Sixpack.RelativeOrientation
warning: Sixpack/RelativeOrientation.lean:30:61: this tactic is never executed

Note: This linter can be disabled with `set_option linter.unreachableTactic false`
warning: Sixpack/RelativeOrientation.lean:30:89: this tactic is never executed

Note: This linter can be disabled with `set_option linter.unreachableTactic false`
warning: Sixpack/RelativeOrientation.lean:26:39: Used `tac1 <;> tac2` where `(tac1; tac2)` would suffice

Note: This linter can be disabled with `set_option linter.unnecessarySeqFocus false`
warning: Sixpack/RelativeOrientation.lean:28:25: Used `tac1 <;> tac2` where `(tac1; tac2)` would suffice

Note: This linter can be disabled with `set_option linter.unnecessarySeqFocus false`
warning: Sixpack/RelativeOrientation.lean:30:61: 'field_simp [hd2, hdcomm]' tactic does nothing

Note: This linter can be disabled with `set_option linter.unusedTactic false`
warning: Sixpack/RelativeOrientation.lean:30:89: 'ring' tactic does nothing

Note: This linter can be disabled with `set_option linter.unusedTactic false`
⚠ [3214/3275] Replayed Sixpack.UniformInnerTriangle
warning: Sixpack/UniformInnerTriangle.lean:46:44: unused variable `hK`

Note: This linter can be disabled with `set_option linter.unusedVariables false`
⚠ [3216/3275] Replayed Sixpack.SpatialCells
warning: Sixpack/SpatialCells.lean:114:47: unused variable `hh`

Note: This linter can be disabled with `set_option linter.unusedVariables false`
⚠ [3220/3275] Replayed Sixpack.AngleRefinement
warning: Sixpack/AngleRefinement.lean:7:60: Used `tac1 <;> tac2` where `(tac1; tac2)` would suffice

Note: This linter can be disabled with `set_option linter.unnecessarySeqFocus false`
⚠ [3230/3275] Replayed Sixpack.TubeSampleJets
warning: Sixpack/TubeSampleJets.lean:111:51: Used `tac1 <;> tac2` where `(tac1; tac2)` would suffice

Note: This linter can be disabled with `set_option linter.unnecessarySeqFocus false`
warning: Sixpack/TubeSampleJets.lean:112:48: Used `tac1 <;> tac2` where `(tac1; tac2)` would suffice

Note: This linter can be disabled with `set_option linter.unnecessarySeqFocus false`
warning: Sixpack/TubeSampleJets.lean:139:82: Used `tac1 <;> tac2` where `(tac1; tac2)` would suffice

Note: This linter can be disabled with `set_option linter.unnecessarySeqFocus false`
warning: Sixpack/TubeSampleJets.lean:141:45: Used `tac1 <;> tac2` where `(tac1; tac2)` would suffice

Note: This linter can be disabled with `set_option linter.unnecessarySeqFocus false`
⚠ [3232/3275] Replayed Sixpack.TubeCoefficientForms
warning: Sixpack/TubeCoefficientForms.lean:41:4: This simp argument is unused:
  Rat.cast_div

Hint: Omit it from the simp argument list.
  simp only [̵t̵u̵b̵e̵S̵i̵n̵e̵G̵r̵a̵d̵i̵e̵n̵t̵,̵t̵u̵b̵e̵C̵o̵s̵i̵n̵e̵G̵r̵a̵d̵i̵e̵n̵t̵,̵Q̵u̵a̵d̵r̵a̵t̵i̵c̵1̵3̵.̵v̵a̵l̵u̵e̵_̵s̵u̵b̵,̵
  ̵ ̵ ̵ ̵ ̵Q̵u̵a̵d̵r̵a̵t̵i̵c̵1̵3̵.̵v̵a̵l̵u̵e̵_̵m̵u̵l̵,̵Q̵u̵a̵d̵r̵a̵t̵i̵c̵1̵3̵.̵v̵a̵l̵u̵e̵_̵r̵a̵t̵i̵o̵n̵a̵l̵,̵R̵a̵t̵.̵c̵a̵s̵t̵_̵o̵f̵N̵a̵t̵,̵
  ̵ ̵ ̵ ̵ ̵R̵a̵t̵.̵c̵a̵s̵t̵_̵d̵i̵v̵,̵R̵a̵t̵.̵c̵a̵s̵t̵_̵n̵e̵g̵]̵[̲t̲u̲b̲e̲S̲i̲n̲e̲G̲r̲a̲d̲i̲e̲n̲t̲,̲ ̲t̲u̲b̲e̲C̲o̲s̲i̲n̲e̲G̲r̲a̲d̲i̲e̲n̲t̲,̲ ̲Q̲u̲a̲d̲r̲a̲t̲i̲c̲1̲3̲.̲v̲a̲l̲u̲e̲_̲s̲u̲b̲,̲ ̲Q̲u̲a̲d̲r̲a̲t̲i̲c̲1̲3̲.̲v̲a̲l̲u̲e̲_̲m̲u̲l̲,̲
  ̲ ̲ ̲ ̲ ̲Q̲u̲a̲d̲r̲a̲t̲i̲c̲1̲3̲.̲v̲a̲l̲u̲e̲_̲r̲a̲t̲i̲o̲n̲a̲l̲,̲ ̲R̲a̲t̲.̲c̲a̲s̲t̲_̲o̲f̲N̲a̲t̲,̲ ̲R̲a̲t̲.̲c̲a̲s̲t̲_̲n̲e̲g̲]̲

Note: This linter can be disabled with `set_option linter.unusedSimpArgs false`
warning: Sixpack/TubeCoefficientForms.lean:41:17: This simp argument is unused:
  Rat.cast_neg

Hint: Omit it from the simp argument list.
  simp only [̵t̵u̵b̵e̵S̵i̵n̵e̵G̵r̵a̵d̵i̵e̵n̵t̵,̵t̵u̵b̵e̵C̵o̵s̵i̵n̵e̵G̵r̵a̵d̵i̵e̵n̵t̵,̵Q̵u̵a̵d̵r̵a̵t̵i̵c̵1̵3̵.̵v̵a̵l̵u̵e̵_̵s̵u̵b̵,̵
  ̵ ̵ ̵ ̵ ̵Q̵u̵a̵d̵r̵a̵t̵i̵c̵1̵3̵.̵v̵a̵l̵u̵e̵_̵m̵u̵l̵,̵Q̵u̵a̵d̵r̵a̵t̵i̵c̵1̵3̵.̵v̵a̵l̵u̵e̵_̵r̵a̵t̵i̵o̵n̵a̵l̵,̵R̵a̵t̵.̵c̵a̵s̵t̵_̵o̵f̵N̵a̵t̵,̵
  ̵ ̵ ̵ ̵ ̵R̵a̵t̵.̵c̵a̵s̵t̵_̵d̵i̵v̵,̵R̵a̵t̵.̵c̵a̵s̵t̵_̵n̵e̵g̵]̵[̲t̲u̲b̲e̲S̲i̲n̲e̲G̲r̲a̲d̲i̲e̲n̲t̲,̲ ̲t̲u̲b̲e̲C̲o̲s̲i̲n̲e̲G̲r̲a̲d̲i̲e̲n̲t̲,̲ ̲Q̲u̲a̲d̲r̲a̲t̲i̲c̲1̲3̲.̲v̲a̲l̲u̲e̲_̲s̲u̲b̲,̲ ̲Q̲u̲a̲d̲r̲a̲t̲i̲c̲1̲3̲.̲v̲a̲l̲u̲e̲_̲m̲u̲l̲,̲
  ̲ ̲ ̲ ̲ ̲Q̲u̲a̲d̲r̲a̲t̲i̲c̲1̲3̲.̲v̲a̲l̲u̲e̲_̲r̲a̲t̲i̲o̲n̲a̲l̲,̲ ̲R̲a̲t̲.̲c̲a̲s̲t̲_̲o̲f̲N̲a̲t̲,̲ ̲R̲a̲t̲.̲c̲a̲s̲t̲_̲d̲i̲v̲]̲

Note: This linter can be disabled with `set_option linter.unusedSimpArgs false`
warning: Sixpack/TubeCoefficientForms.lean:62:4: This simp argument is unused:
  Rat.cast_div

Hint: Omit it from the simp argument list.
  simp only [̵t̵u̵b̵e̵S̵i̵n̵e̵H̵e̵s̵s̵i̵a̵n̵,̵t̵u̵b̵e̵C̵o̵s̵i̵n̵e̵H̵e̵s̵s̵i̵a̵n̵,̵Q̵u̵a̵d̵r̵a̵t̵i̵c̵1̵3̵.̵v̵a̵l̵u̵e̵_̵s̵u̵b̵,̵
  ̵ ̵ ̵ ̵ ̵Q̵u̵a̵d̵r̵a̵t̵i̵c̵1̵3̵.̵v̵a̵l̵u̵e̵_̵m̵u̵l̵,̵Q̵u̵a̵d̵r̵a̵t̵i̵c̵1̵3̵.̵v̵a̵l̵u̵e̵_̵r̵a̵t̵i̵o̵n̵a̵l̵,̵R̵a̵t̵.̵c̵a̵s̵t̵_̵o̵f̵N̵a̵t̵,̵
  ̵ ̵ ̵ ̵ ̵R̵a̵t̵.̵c̵a̵s̵t̵_̵d̵i̵v̵,̵R̵a̵t̵.̵c̵a̵s̵t̵_̵n̵e̵g̵]̵[̲t̲u̲b̲e̲S̲i̲n̲e̲H̲e̲s̲s̲i̲a̲n̲,̲ ̲t̲u̲b̲e̲C̲o̲s̲i̲n̲e̲H̲e̲s̲s̲i̲a̲n̲,̲ ̲Q̲u̲a̲d̲r̲a̲t̲i̲c̲1̲3̲.̲v̲a̲l̲u̲e̲_̲s̲u̲b̲,̲ ̲Q̲u̲a̲d̲r̲a̲t̲i̲c̲1̲3̲.̲v̲a̲l̲u̲e̲_̲m̲u̲l̲,̲
  ̲ ̲ ̲ ̲ ̲Q̲u̲a̲d̲r̲a̲t̲i̲c̲1̲3̲.̲v̲a̲l̲u̲e̲_̲r̲a̲t̲i̲o̲n̲a̲l̲,̲ ̲R̲a̲t̲.̲c̲a̲s̲t̲_̲o̲f̲N̲a̲t̲,̲ ̲R̲a̲t̲.̲c̲a̲s̲t̲_̲n̲e̲g̲]̲

Note: This linter can be disabled with `set_option linter.unusedSimpArgs false`
warning: Sixpack/TubeCoefficientForms.lean:62:17: This simp argument is unused:
  Rat.cast_neg

Hint: Omit it from the simp argument list.
  simp only [̵t̵u̵b̵e̵S̵i̵n̵e̵H̵e̵s̵s̵i̵a̵n̵,̵t̵u̵b̵e̵C̵o̵s̵i̵n̵e̵H̵e̵s̵s̵i̵a̵n̵,̵Q̵u̵a̵d̵r̵a̵t̵i̵c̵1̵3̵.̵v̵a̵l̵u̵e̵_̵s̵u̵b̵,̵
  ̵ ̵ ̵ ̵ ̵Q̵u̵a̵d̵r̵a̵t̵i̵c̵1̵3̵.̵v̵a̵l̵u̵e̵_̵m̵u̵l̵,̵Q̵u̵a̵d̵r̵a̵t̵i̵c̵1̵3̵.̵v̵a̵l̵u̵e̵_̵r̵a̵t̵i̵o̵n̵a̵l̵,̵R̵a̵t̵.̵c̵a̵s̵t̵_̵o̵f̵N̵a̵t̵,̵
  ̵ ̵ ̵ ̵ ̵R̵a̵t̵.̵c̵a̵s̵t̵_̵d̵i̵v̵,̵R̵a̵t̵.̵c̵a̵s̵t̵_̵n̵e̵g̵]̵[̲t̲u̲b̲e̲S̲i̲n̲e̲H̲e̲s̲s̲i̲a̲n̲,̲ ̲t̲u̲b̲e̲C̲o̲s̲i̲n̲e̲H̲e̲s̲s̲i̲a̲n̲,̲ ̲Q̲u̲a̲d̲r̲a̲t̲i̲c̲1̲3̲.̲v̲a̲l̲u̲e̲_̲s̲u̲b̲,̲ ̲Q̲u̲a̲d̲r̲a̲t̲i̲c̲1̲3̲.̲v̲a̲l̲u̲e̲_̲m̲u̲l̲,̲
  ̲ ̲ ̲ ̲ ̲Q̲u̲a̲d̲r̲a̲t̲i̲c̲1̲3̲.̲v̲a̲l̲u̲e̲_̲r̲a̲t̲i̲o̲n̲a̲l̲,̲ ̲R̲a̲t̲.̲c̲a̲s̲t̲_̲o̲f̲N̲a̲t̲,̲ ̲R̲a̲t̲.̲c̲a̲s̲t̲_̲d̲i̲v̲]̲

Note: This linter can be disabled with `set_option linter.unusedSimpArgs false`
⚠ [3236/3275] Replayed Sixpack.TubeNormFamily
warning: Sixpack/TubeNormFamily.lean:23:40: This simp argument is unused:
  if_pos

Hint: Omit it from the simp argument list.
  simp only [tubeNormRepresentative, ̲h,i̵f̵_̵p̵o̵s̵,̵ ̲Prod.fst, ̲Prod.snd]

Note: This linter can be disabled with `set_option linter.unusedSimpArgs false`
warning: Sixpack/TubeNormFamily.lean:23:47: This simp argument is unused:
  Prod.fst

Hint: Omit it from the simp argument list.
  simp only [̵t̵u̵b̵e̵N̵o̵r̵m̵R̵e̵p̵r̵e̵s̵e̵n̵t̵a̵t̵i̵v̵e̵,̵h̵,̵i̵f̵_̵p̵o̵s̵,̵P̵r̵o̵d̵.̵f̵s̵t̵,̵P̵r̵o̵d̵.̵s̵n̵d̵]̵[̲t̲u̲b̲e̲N̲o̲r̲m̲R̲e̲p̲r̲e̲s̲e̲n̲t̲a̲t̲i̲v̲e̲,̲ ̲h̲,̲ ̲i̲f̲_̲p̲o̲s̲,̲ ̲P̲r̲o̲d̲.̲s̲n̲d̲]̲

Note: This linter can be disabled with `set_option linter.unusedSimpArgs false`
warning: Sixpack/TubeNormFamily.lean:23:56: This simp argument is unused:
  Prod.snd

Hint: Omit it from the simp argument list.
  simp only [̵t̵u̵b̵e̵N̵o̵r̵m̵R̵e̵p̵r̵e̵s̵e̵n̵t̵a̵t̵i̵v̵e̵,̵h̵,̵i̵f̵_̵p̵o̵s̵,̵P̵r̵o̵d̵.̵f̵s̵t̵,̵P̵r̵o̵d̵.̵s̵n̵d̵]̵[̲t̲u̲b̲e̲N̲o̲r̲m̲R̲e̲p̲r̲e̲s̲e̲n̲t̲a̲t̲i̲v̲e̲,̲ ̲h̲,̲ ̲i̲f̲_̲p̲o̲s̲,̲ ̲P̲r̲o̲d̲.̲f̲s̲t̲]̲

Note: This linter can be disabled with `set_option linter.unusedSimpArgs false`
⚠ [3265/3275] Replayed Sixpack.TubeRadiusEnergy
warning: Sixpack/TubeRadiusEnergy.lean:7:74: Used `tac1 <;> tac2` where `(tac1; tac2)` would suffice

Note: This linter can be disabled with `set_option linter.unnecessarySeqFocus false`
⚠ [3267/3275] Replayed Sixpack.TubeValueForms
warning: Sixpack/TubeValueForms.lean:19:57: This simp argument is unused:
  mul_zero

Hint: Omit it from the simp argument list.
  simp only [exactTubeSampleValue, ̲Quadratic13.value_add, ̲exactProjection_value,
          exactTubeSampleVertex_value, ̲tubeConstraintCSPath,m̵u̵l̵_̵ ̲zero,̵z̵e̵r̵o̵_mul, ̲add_zero]

Note: This linter can be disabled with `set_option linter.unusedSimpArgs false`
warning: Sixpack/TubeValueForms.lean:20:70: Used `tac1 <;> tac2` where `(tac1; tac2)` would suffice

Note: This linter can be disabled with `set_option linter.unnecessarySeqFocus false`
⚠ [3268/3275] Replayed Sixpack.TubeSeparatorCertificate
info: Sixpack/TubeSeparatorCertificate.lean:74:61: Try this:
  ring_nf
  
  The `ring` tactic failed to close the goal. Use `ring_nf` to obtain a normal form.
    
  Note that `ring` works primarily in *commutative* rings. If you have a noncommutative ring, abelian group or module, consider using `noncomm_ring`, `abel` or `module` instead.
warning: Sixpack/TubeSeparatorCertificate.lean:74:57: Used `tac1 <;> tac2` where `(tac1; tac2)` would suffice

Note: This linter can be disabled with `set_option linter.unnecessarySeqFocus false`
✔ [3274/3275] Built Sixpack (1.6s)
Build completed successfully (3275 jobs).
