'Sixpack.root13_nonneg' depends on axioms: [propext, Classical.choice, Quot.sound]
'Sixpack.root13_sq' depends on axioms: [propext, Classical.choice, Quot.sound]
'Sixpack.root13_bounds' depends on axioms: [propext, Classical.choice, Quot.sound]
'Sixpack.optimum_polynomial' depends on axioms: [propext, Classical.choice, Quot.sound]
'Sixpack.optimum_bounds' depends on axioms: [propext, Classical.choice, Quot.sound]
'Sixpack.optimum_lt_outerBound' depends on axioms: [propext, Classical.choice, Quot.sound]
'Sixpack.coarse_cell_diameter' depends on axioms: [propext, Classical.choice, Quot.sound]
'Sixpack.scaledNormSq_cartesian' depends on axioms: [propext, Classical.choice, Quot.sound]
'Sixpack.centerEmbed_margins' depends on axioms: [propext, Classical.choice, Quot.sound]
'Sixpack.centerEmbed_strict' depends on axioms: [propext, Classical.choice, Quot.sound]
'Sixpack.strictlyInContainer_not_boundary' depends on axioms: [propext, Classical.choice, Quot.sound]
'Sixpack.centerEmbed_preserves_delta' depends on axioms: [propext, Classical.choice, Quot.sound]
'Sixpack.rotate_preserves_norm' depends on axioms: [propext, Classical.choice, Quot.sound]
'Sixpack.halfAngle_identity' depends on axioms: [propext, Classical.choice, Quot.sound]
'Sixpack.lower_bound_from_boundary_classification' depends on axioms: [propext, Classical.choice, Quot.sound]
'Sixpack.candidate_unit_sides' depends on axioms: [propext, Classical.choice, Quot.sound]
'Sixpack.candidate_vertices_contained' depends on axioms: [propext, Classical.choice, Quot.sound]
'Sixpack.candidate_ccw' depends on axioms: [propext, Classical.choice, Quot.sound]
'Sixpack.candidate_separating_edges' depends on axioms: [propext, Classical.choice, Quot.sound]
'Sixpack.candidate_has_boundary_vertex' depends on axioms: [propext, Classical.choice, Quot.sound]
'Sixpack.local_omission' depends on axioms: [propext, Classical.choice, Quot.sound]
'Sixpack.negative_slack_excludes_separation' depends on axioms: [propext, Classical.choice, Quot.sound]
'Sixpack.tube_forces_zero' depends on axioms: [propext, Classical.choice, Quot.sound]
'Sixpack.projection_surjective' depends on axioms: [propext, Classical.choice, Quot.sound]
'Sixpack.convex_container' depends on axioms: [propext, Classical.choice, Quot.sound]
'Sixpack.candidate_hulls_contained' depends on axioms: [propext, Classical.choice, Quot.sound]
'Sixpack.separated_hulls_disjoint_interiors' depends on axioms: [propext, Classical.choice, Quot.sound]
'Sixpack.candidate_inside_witness_edge' depends on axioms: [propext, Classical.choice, Quot.sound]
'Sixpack.candidate_hulls_disjoint_of_lt' depends on axioms: [propext, Classical.choice, Quot.sound]
'Sixpack.candidate_hulls_pairwise_disjoint' depends on axioms: [propext, Classical.choice, Quot.sound]
'Sixpack.candidate_feasible' depends on axioms: [propext, Classical.choice, Quot.sound]
'Sixpack.candidate_isPacking' depends on axioms: [propext, Classical.choice, Quot.sound]
'Sixpack.candidate_upper_bound' depends on axioms: [propext, Classical.choice, Quot.sound]
'Sixpack.arc_deletion_preserves_selection' depends on axioms: [propext]
'Sixpack.vertex_branch_preserves_selection' depends on axioms: [propext]
'Sixpack.omission_domains_preserve_uncovered_selection' depends on axioms: [propext, Classical.choice, Quot.sound]
'Sixpack.Quadratic13.value_add' depends on axioms: [propext, Classical.choice, Quot.sound]
'Sixpack.Quadratic13.value_neg' depends on axioms: [propext, Classical.choice, Quot.sound]
'Sixpack.Quadratic13.value_mul' depends on axioms: [propext, Classical.choice, Quot.sound]
'Sixpack.Quadratic13.nonnegative_iff' depends on axioms: [propext, Classical.choice, Quot.sound]
'Sixpack.hull_centerEmbed' depends on axioms: [propext, Classical.choice, Quot.sound]
'Sixpack.packing_vertices_contained' depends on axioms: [propext, Classical.choice, Quot.sound]
'Sixpack.packing_centerEmbed' depends on axioms: [propext, Classical.choice, Quot.sound]
'Sixpack.lower_bound_of_endpoint_boundary' depends on axioms: [propext, Classical.choice, Quot.sound]
'Sixpack.outerTriangle_sides' depends on axioms: [propext, Classical.choice, Quot.sound]
'Sixpack.outerTriangle_vertices_contained' depends on axioms: [propext, Classical.choice, Quot.sound]
'Sixpack.outerTriangle_hull_eq' depends on axioms: [propext, Classical.choice, Quot.sound]
'Sixpack.candidate_in_equilateral_container' depends on axioms: [propext, Classical.choice, Quot.sound]
'Sixpack.checkSearch_sound' depends on axioms: [propext, Classical.choice, Quot.sound]
'Sixpack.prototype_accepts' depends on axioms: [propext, Classical.choice, Quot.sound]
'Sixpack.prototype_no_selection' depends on axioms: [propext, Classical.choice, Quot.sound]
'Sixpack.prototype_false_closure_rejected' depends on axioms: [propext, Classical.choice, Quot.sound]
'Sixpack.prototype_corrupt_graph_rejected' depends on axioms: [propext, Classical.choice, Quot.sound]
'Sixpack.intervalAdj_conservative' depends on axioms: [propext, Classical.choice, Quot.sound]
'Sixpack.interval_certificate_sound' depends on axioms: [propext, Classical.choice, Quot.sound]
'Sixpack.interval_prototype_accepts' depends on axioms: [propext, Classical.choice, Quot.sound]
'Sixpack.three_unit_intervals_do_not_fit' depends on axioms: [propext, Classical.choice, Quot.sound]
'Sixpack.radius_estimates_force_zero' depends on axioms: [propext, Classical.choice, Quot.sound]
'Sixpack.radius_uniform_gap' depends on axioms: [propext, Classical.choice, Quot.sound]
'Sixpack.corner_fixed_centroid_rigid' depends on axioms: [propext, Classical.choice, Quot.sound]
'Sixpack.corner_fixed_centroid_vertices' depends on axioms: [propext, Classical.choice, Quot.sound]
'Sixpack.checked_radius_estimates_force_zero' depends on axioms: [propext, Classical.choice, Quot.sound]
'Sixpack.radius_branch_zero_accepts' depends on axioms: [propext, Classical.choice, Quot.sound]
'Sixpack.radius_branch_zero_estimates_force_zero' depends on axioms: [propext, Classical.choice, Quot.sound]
'Sixpack.radius_truncated_input_rejected' depends on axioms: [propext, Classical.choice, Quot.sound]
